[nextformation.com/fiches-metiers/fiche-metier-administrateur-systeme-et-reseaux.html]
[backblue.gif]
[fade.gif]
[index.html]
[nextformation.com/app/cache/min/1/app/themes/nextformation/dist/styles/main_f7423051d665.css]
[nextformation.com/app/plugins/wp-rocket/assets/img/youtube.png]
[www.google.com/recaptcha/apib091.js]
[nextformation.com/app/uploads/2021/03/favicon.png]
[widget.trustpilot.com/bootstrap/v5/tp.widget.bootstrap.min.js]
[external.html]
[nextformation.com/fiches-metiers/https_/nextformation.com/app/uploads/2021/05/nf-fp-powerpoint-bandeau-u7365l-1600x365.png]
[nextformation.com/fiches-metiers/fiche-metier-developpeur-web.html]
[nextformation.com/fiches-metiers/technicien-assistant-informatique.html]
[nextformation.com/fiches-metiers/technicien-systemes-reseaux.html]
[nextformation.com/fiches-metiers/fiche-metier-administrateur-systeme-et-reseaux.html]
[nextformation.com/index312e.html]
[nextformation.com/app/themes/nextformation/dist/scripts/main_f7423051.js]
[nextformation.com/fiches-metiers/https_/nextformation.com/app/uploads/2021/05/nf-fp-info-ais-bandeau-qnpiau-1600x365.png]
[nextformation.com/fiches-metiers/fiche-metier-developpeur-web.html]
[nextformation.com/fiches-metiers/https_/nextformation.com/app/uploads/2021/05/nf-fp-rrhp-bandeau-jb2qln-1600x382.png]
[nextformation.com/fiches-metiers/technicien-assistant-informatique.html]
[nextformation.com/fiches-metiers/https_/nextformation.com/app/uploads/2021/05/nf-fp-info-ais-bandeau-luintz-1600x365.png]
[nextformation.com/fiches-metiers/technicien-systemes-reseaux.html]
[nextformation.com/indexf07a.html]
[nextformation.com/index9e27.html]
[nextformation.com/index47fc.html]
[nextformation.com/app/themes/nextformation/dist/scripts/main_f7423051.js]
[nextformation.com/app/themes/nextformation/resources/assets/images/common/quiz/quiz_bckgd.png]
[nextformation.com/app/cache/min/1/app/themes/nextformation/dist/styles/main_f7423051d665.css]
[www.google.com/recaptcha/apib091.js]
[nextformation.com/fiches-metiers/xhr.js]
[nextformation.com/fiches-metiers/GET]
[nextformation.com/fiches-metiers/lib/widget-management.js]
[widget.trustpilot.com/bootstrap/v5/tp.widget.bootstrap.min.js]
[nextformation.com/fiches-metiers/https_/nextformation.com/app/uploads/2021/05/nf-fp-powerpoint-bandeau-u7365l-1600x365.html]
[nextformation.com/indexf07a.html]
[nextformation.com/fiches-metiers/https_/nextformation.com/app/uploads/2021/05/nf-fp-info-ais-bandeau-qnpiau-1600x365.html]
[nextformation.com/fiches-metiers/https_/nextformation.com/app/uploads/2021/05/nf-fp-rrhp-bandeau-jb2qln-1600x382.html]
[nextformation.com/fiches-metiers/https_/nextformation.com/app/uploads/2021/05/nf-fp-info-ais-bandeau-luintz-1600x365.html]
[nextformation.com/fiches-metiers/xhr.html]
[nextformation.com/fiches-metiers/GET.html]
[nextformation.com/fiches-metiers/lib/widget-management.html]
[nextformation.com/app/themes/nextformation/resources/assets/images/common/quiz/quiz_bckgd_first.png]
